login as: cesarskaa
cesarskaa@213.184.8.36's password:
Linux bad2 4.10.17-1-pve #1 SMP PVE 4.10.17-16 (Tue, 11 Jul 2017 09:55:44 +0200)                                                                                                                                                              x86_64

The programs included with the Debian GNU/Linux system are free software;
the exact distribution terms for each program are described in the
individual files in /usr/share/doc/*/copyright.

Debian GNU/Linux comes with ABSOLUTELY NO WARRANTY, to the extent
permitted by applicable law.
Last login: Wed Oct 27 11:43:58 2021 from 213.184.8.151
cesarskaa@bad2:~$ mysql -u cesarskaa -p
Enter password:
ERROR 1045 (28000): Access denied for user 'cesarskaa'@'localhost' (using passwo                                                                                                                                                             rd: YES)
cesarskaa@bad2:~$ YES
-bash: YES: command not found
cesarskaa@bad2:~$ mysql -ucesarskaa -p
Enter password:
Welcome to the MySQL monitor.  Commands end with ; or \g.
Your MySQL connection id is 710
Server version: 8.0.22 MySQL Community Server - GPL

Copyright (c) 2000, 2020, Oracle and/or its affiliates. All rights reserved.

Oracle is a registered trademark of Oracle Corporation and/or its
affiliates. Other names may be trademarks of their respective
owners.

Type 'help;' or '\h' for help. Type '\c' to clear the current input statement.

mysql> show databases;\
+--------------------+
| Database           |
+--------------------+
| cesarskaa          |
| information_schema |
+--------------------+
2 rows in set (0.00 sec)

mysql> use cesarskaa
Database changed
mysql> show tables;
Empty set (0.00 sec)

mysql> CREATE TABLE pracownik(id_pracownika INT PRIMARY KEY,
    -> imie VARCHAR(40) NOT NULL,
    -> nazwisko VARCHAR (50) NOT NULL,
    -> zarobki DOUBLE(10,2) DEFAULT 4000,
    -> data_urodzenia DATE NOT NULL,
    -> stanowisko ENUM('manager', 'kierownik', 'sprzedawca', 'kasjer');
ERROR 1064 (42000): You have an error in your SQL syntax; check the manual that                                                                                                                                                              corresponds to your MySQL server version for the right syntax to use near '' at                                                                                                                                                              line 6
mysql> CREATE TABLE pracownik(id_pracownika INT PRIMARY KEY,  imie VARCHAR(40) N                                                                                                                                                             OT NULL,  nazwisko VARCHAR (50) NOT NULL, zarobki DOUBLE(10,2) DEFAULT 4000,  da                                                                                                                                                             ta_urodzenia DATE NOT NULL, stanowisko ENUM('manager', 'kierownik', 'sprzedawca'                                                                                                                                                             , 'kasjer'));
Query OK, 0 rows affected, 1 warning (0.84 sec)

mysql> INSERT INTO pracownik VALUES(1, 'Jan', 'Kowalski', 3000, '1999-01-01', 'k                                                                                                                                                             asjer');
Query OK, 1 row affected (0.02 sec)

mysql> CREATE TABLE projekt (id_projekt INT PRIMARY KEY, nazwa VARCHAR(40),
    -> id_pracownika INT, FOREIGN KEY (id_pracownika) REFERENCES pracownik (id_p                                                                                                                                                             racownika));
Query OK, 0 rows affected (0.07 sec)

mysql> CREATE TABLE list (id_postaci AUTO_INCREMENT PRIMARY KEY, nazwa VARCHAR(4                                                                                                                                                             0) NOT NULL, rodzaj ENUM('wiking', 'ptak', 'kobieta'), data DATE NOT NULL, wiek                                                                                                                                                              UNSIGNET NOT NULL);
ERROR 1064 (42000): You have an error in your SQL syntax; check the manual that                                                                                                                                                              corresponds to your MySQL server version for the right syntax to use near 'AUTO_                                                                                                                                                             INCREMENT PRIMARY KEY, nazwa VARCHAR(40) NOT NULL, rodzaj ENUM('wiking', 'p' at                                                                                                                                                              line 1
mysql> ^C
mysql> CREATE TABLE list (id_postaci AUTO_INCREMENT PRIMARY KEY, nazwa VARCHAR(4                                                                                                                                                             0) NOT NULL, rodzaj ENUM('wiking', 'ptak', 'kobieta'), data DATE NOT NULL, wiek                                                                                                                                                              UNSIGNET NOT NULL);
ERROR 1064 (42000): You have an error in your SQL syntax; check the manual that                                                                                                                                                              corresponds to your MySQL server version for the right syntax to use near 'AUTO_                                                                                                                                                             INCREMENT PRIMARY KEY, nazwa VARCHAR(40) NOT NULL, rodzaj ENUM('wiking', 'p' at                                                                                                                                                              line 1
mysql> CREATE TABLE list (id_postaci INT NOT NULL AUTO_INCREMENT PRIMARY KEY, na
zwa VARCHAR(40) NOT NULL, rodzaj ENUM('wiking', 'ptak', 'kobieta'), data DATE NO
T NULL, wiek UNSIGNET NOT NULL);
ERROR 1064 (42000): You have an error in your SQL syntax; check the manual that                                                                                                                                                              corresponds to your MySQL server version for the right syntax to use near 'UNSIG                                                                                                                                                             NET NOT NULL)' at line 1
mysql> CREATE TABLE list (id_postaci INT NOT NULL AUTO_INCREMENT PRIMARY KEY, na                                                                                                                                                             zwa VARCHAR(40) NOT NULL, rodzaj ENUM('wiking', 'ptak', 'kobieta'), data DATE NO                                                                                                                                                             T NULL, wiek INT NOT NULL);
Query OK, 0 rows affected (0.14 sec)

mysql>  CREATE TABLE list (id_postaci INT NOT NULL AUTO_INCREMENT PRIMARY KEY, n                                                                                                                                                             azwa VARCHAR(40) NOT NULL, rodzaj ENUM('wiking', 'ptak', 'kobieta'), data DATE N                                                                                                                                                             OT NULL, wiek INT NOT NULL);
ERROR 1050 (42S01): Table 'list' already exists
mysql> DESC list;
+------------+---------------------------------+------+-----+---------+---------                                                                                                                                                             -------+
| Field      | Type                            | Null | Key | Default | Extra                                                                                                                                                                       |
+------------+---------------------------------+------+-----+---------+---------                                                                                                                                                             -------+
| id_postaci | int                             | NO   | PRI | NULL    | auto_inc                                                                                                                                                             rement |
| nazwa      | varchar(40)                     | NO   |     | NULL    |                                                                                                                                                                             |
| rodzaj     | enum('wiking','ptak','kobieta') | YES  |     | NULL    |                                                                                                                                                                             |
| data       | date                            | NO   |     | NULL    |                                                                                                                                                                             |
| wiek       | int                             | NO   |     | NULL    |                                                                                                                                                                             |
+------------+---------------------------------+------+-----+---------+---------                                                                                                                                                             -------+
5 rows in set (0.01 sec)

mysql> INSERT INTO list VALUES (1, 'Bjorn', 'wiking', 01-01-1989, 50)
    -> ;
ERROR 1292 (22007): Incorrect date value: '-1989' for column 'data' at row 1
mysql> drop TABLE list;
Query OK, 0 rows affected (0.11 sec)

mysql>  CREATE TABLE list (id_postaci INT NOT NULL AUTO_INCREMENT PRIMARY KEY, n                                                                                                                                                             azwa VARCHAR(40) NOT NULL, rodzaj ENUM('wiking', 'ptak', 'kobieta'), data DATE N                                                                                                                                                             OT NULL, wiek INT NOT NULL);
Query OK, 0 rows affected (0.06 sec)

mysql> drop TABLE list;
Query OK, 0 rows affected (0.01 sec)

mysql>  CREATE TABLE postac (id_postaci INT NOT NULL AUTO_INCREMENT PRIMARY KEY,
 nazwa VARCHAR(40) NOT NULL, rodzaj ENUM('wiking', 'ptak', 'kobieta'), data DATE
 NOT NULL, wiek INT NOT NULL);
Query OK, 0 rows affected (0.15 sec)

mysql> INSERT INTO postac VALUES (1, 'Bjorn', 'wiking', '01-01-1989', 50);
ERROR 1292 (22007): Incorrect date value: '01-01-1989' for column 'data' at row                                                                                                                                                              1
mysql> INSERT INTO postac VALUES (1, 'Bjorn', 'wiking', '1989-01-01', 50);
Query OK, 1 row affected (0.01 sec)

mysql> INSERT INTO postac VALUES (2, 'Drozd', 'ptak', '2020-10-27', 1)
    -> ;
Query OK, 1 row affected (0.00 sec)

mysql> INSERT INTO postac VALUES (3, 'Tesciowa', 'kobieta', '1933-03-23', 88);
Query OK, 1 row affected (0.00 sec)

mysql> DESC postac
    -> ;
+------------+---------------------------------+------+-----+---------+---------                                                                                                                                                             -------+
| Field      | Type                            | Null | Key | Default | Extra                                                                                                                                                                       |
+------------+---------------------------------+------+-----+---------+---------                                                                                                                                                             -------+
| id_postaci | int                             | NO   | PRI | NULL    | auto_inc                                                                                                                                                             rement |
| nazwa      | varchar(40)                     | NO   |     | NULL    |                                                                                                                                                                             |
| rodzaj     | enum('wiking','ptak','kobieta') | YES  |     | NULL    |                                                                                                                                                                             |
| data       | date                            | NO   |     | NULL    |                                                                                                                                                                             |
| wiek       | int                             | NO   |     | NULL    |                                                                                                                                                                             |
+------------+---------------------------------+------+-----+---------+---------                                                                                                                                                             -------+
5 rows in set (0.01 sec)

mysql> SELECT 3 FROM postac;
+---+
| 3 |
+---+
| 3 |
| 3 |
| 3 |
+---+
3 rows in set (0.00 sec)

mysql> DESC postac;
+------------+---------------------------------+------+-----+---------+---------                                                                                                                                                             -------+
| Field      | Type                            | Null | Key | Default | Extra                                                                                                                                                                       |
+------------+---------------------------------+------+-----+---------+---------                                                                                                                                                             -------+
| id_postaci | int                             | NO   | PRI | NULL    | auto_inc                                                                                                                                                             rement |
| nazwa      | varchar(40)                     | NO   |     | NULL    |                                                                                                                                                                             |
| rodzaj     | enum('wiking','ptak','kobieta') | YES  |     | NULL    |                                                                                                                                                                             |
| data       | date                            | NO   |     | NULL    |                                                                                                                                                                             |
| wiek       | int                             | NO   |     | NULL    |                                                                                                                                                                             |
+------------+---------------------------------+------+-----+---------+---------                                                                                                                                                             -------+
5 rows in set (0.00 sec)

mysql> SELECT '3' FROM postac;
+---+
| 3 |
+---+
| 3 |
| 3 |
| 3 |
+---+
3 rows in set (0.00 sec)

mysql> SELECT 'kobieta' FROM postac;
+---------+
| kobieta |
+---------+
| kobieta |
| kobieta |
| kobieta |
+---------+
3 rows in set (0.00 sec)

mysql> SELECT * FROM postac;
+------------+----------+---------+------------+------+
| id_postaci | nazwa    | rodzaj  | data       | wiek |
+------------+----------+---------+------------+------+
|          1 | Bjorn    | wiking  | 1989-01-01 |   50 |
|          2 | Drozd    | ptak    | 2020-10-27 |    1 |
|          3 | Tesciowa | kobieta | 1933-03-23 |   88 |
+------------+----------+---------+------------+------+
3 rows in set (0.00 sec)

mysql> CREATE TABLE walizka (id_walizki INT NOT NULL AUTO_INCREMENT PRIMARY KEY,                                                                                                                                                             pojemnosc INT NOT NULL, kolor ENUM('rozowy', 'czerwony', 'teczowy', 'zolty,), id                                                                                                                                                             _postaci INT, FOREIGN KEY (id_postaci) REFERENCES postac (id_postaci));
    '> ';
ERROR 1064 (42000): You have an error in your SQL syntax; check the manual that                                                                                                                                                              corresponds to your MySQL server version for the right syntax to use near '' at                                                                                                                                                              line 2
mysql> CREATE TABLE walizka (id_walizki INT NOT NULL AUTO_INCREMENT PRIMARY KEY,                                                                                                                                                             pojemnosc INT NOT NULL, kolor ENUM('rozowy', 'czerwony', 'teczowy', 'zolty'), id                                                                                                                                                             _postaci INT, FOREIGN KEY (id_postaci) REFERENCES postac (id_postaci));

Query OK, 0 rows affected (0.09 sec)
       DESC postac; DESC postac;
+------------+---------------------------------+------+-----+---------+---------                                                                                                                                                             -------+
| Field      | Type                            | Null | Key | Default | Extra                                                                                                                                                                       |
+------------+---------------------------------+------+-----+---------+---------                                                                                                                                                             -------+
| id_postaci | int                             | NO   | PRI | NULL    | auto_inc                                                                                                                                                             rement |
| nazwa      | varchar(40)                     | NO   |     | NULL    |                                                                                                                                                                             |
| rodzaj     | enum('wiking','ptak','kobieta') | YES  |     | NULL    |                                                                                                                                                                             |
| data       | date                            | NO   |     | NULL    |                                                                                                                                                                             |
| wiek       | int                             | NO   |     | NULL    |                                                                                                                                                                             |
+------------+---------------------------------+------+-----+---------+---------                                                                                                                                                             -------+
5 rows in set (0.00 sec)

+------------+---------------------------------+------+-----+---------+---------                                                                                                                                                             -------+
| Field      | Type                            | Null | Key | Default | Extra                                                                                                                                                                       |
+------------+---------------------------------+------+-----+---------+---------                                                                                                                                                             -------+
| id_postaci | int                             | NO   | PRI | NULL    | auto_inc                                                                                                                                                             rement |
| nazwa      | varchar(40)                     | NO   |     | NULL    |                                                                                                                                                                             |
| rodzaj     | enum('wiking','ptak','kobieta') | YES  |     | NULL    |                                                                                                                                                                             |
| data       | date                            | NO   |     | NULL    |                                                                                                                                                                             |
| wiek       | int                             | NO   |     | NULL    |                                                                                                                                                                             |
+------------+---------------------------------+------+-----+---------+---------                                                                                                                                                             -------+
5 rows in set (0.00 sec)
       INSERT INTO postac VALUES (2, 'Drozd', 'ptak', '2020-10-27', 1)

