login as: cesarskaa
cesarskaa@213.184.8.36's password:
Access denied
cesarskaa@213.184.8.36's password:
Linux bad2 4.10.17-1-pve #1 SMP PVE 4.10.17-16 (Tue, 11 Jul 2017 09:55:44 +0200) x86_64

The programs included with the Debian GNU/Linux system are free software;
the exact distribution terms for each program are described in the
individual files in /usr/share/doc/*/copyright.

Debian GNU/Linux comes with ABSOLUTELY NO WARRANTY, to the extent
permitted by applicable law.
Last login: Tue Nov 16 17:14:20 2021 from 31.60.230.187
cesarskaa@bad2:~$ mysql -u cesarskaa -p
Enter password:
Welcome to the MySQL monitor.  Commands end with ; or \g.
Your MySQL connection id is 1193
Server version: 8.0.22 MySQL Community Server - GPL

Copyright (c) 2000, 2020, Oracle and/or its affiliates. All rights reserved.

Oracle is a registered trademark of Oracle Corporation and/or its
affiliates. Other names may be trademarks of their respective
owners.

Type 'help;' or '\h' for help. Type '\c' to clear the current input statement.

mysql> show databses;
ERROR 1064 (42000): You have an error in your SQL syntax; check the manual that corresponds to your MySQL server version for the right syntax to use near 'databses' at line 1
mysql> show databases;
+--------------------+
| Database           |
+--------------------+
| cesarskaa          |
| information_schema |
+--------------------+
2 rows in set (0.00 sec)

mysql> use cesarskaa;
Reading table information for completion of table and column names
You can turn off this feature to get a quicker startup with -A

Database changed
mysql> show tables
    -> ;
+---------------------+
| Tables_in_cesarskaa |
+---------------------+
| izba                |
| postac              |
| pracownik           |
| projekt             |
| przetwory           |
| statek              |
| walizka             |
+---------------------+
7 rows in set (0.00 sec)

mysql> select *from postac;
+------------+----------+---------+------------+------+---------+--------------+
| id_postaci | nazwa    | rodzaj  | data       | wiek | funkcja | nazwa_statku |
+------------+----------+---------+------------+------+---------+--------------+
|          1 | Bjorn    | wiking  | 1989-01-01 |   50 | kapitan | NULL         |
|          2 | Drozd    | ptak    | 2020-10-27 |    1 | NULL    | NULL         |
|          3 | Tesciowa | kobieta | 1933-03-23 |   88 | NULL    | NULL         |
|          4 | Marcin   | wiking  | 2000-03-01 |   21 | NULL    | NULL         |
|          5 | Karol    | wiking  | 1999-04-06 |   22 | NULL    | NULL         |
|          6 | Marcin   | wiking  | 1998-05-09 |   23 | NULL    | NULL         |
|          7 | Pawel    | wiking  | 1997-06-10 |   24 | NULL    | NULL         |
|          8 | Eustachy | wiking  | 1996-02-01 |   25 | NULL    | NULL         |
+------------+----------+---------+------------+------+---------+--------------+
8 rows in set (0.00 sec)

mysql> UPDATE postac SET nazwa_statku='KOT' WHERE id_postaci='2', '4', '5', '6', '7', '8';
ERROR 1064 (42000): You have an error in your SQL syntax; check the manual that corresponds to your MySQL server version for the right syntax to use near ', '4', '5', '6', '7', '8'' at line 1
mysql> UPDATE postac SET nazwa_statku='KOT' WHERE id_postaci='2';
Query OK, 1 row affected (0.00 sec)
Rows matched: 1  Changed: 1  Warnings: 0

mysql> UPDATE postac SET nazwa_statku='KOT' WHERE id_postaci=4';
    '> ;
    '> UPDATE postac SET nazwa_statku='KOT' WHERE id_postaci=4';
ERROR 1064 (42000): You have an error in your SQL syntax; check the manual that corresponds to your MySQL server version for the right syntax to use near '';
;
UPDATE postac SET nazwa_statku='KOT' WHERE id_postaci=4'' at line 1
mysql> UPDATE postac SET nazwa_statku='KOT' WHERE id_postaci='4';
Query OK, 1 row affected (0.01 sec)
Rows matched: 1  Changed: 1  Warnings: 0

mysql> UPDATE postac SET nazwa_statku='KOT' WHERE id_postaci='5';
Query OK, 1 row affected (0.01 sec)
Rows matched: 1  Changed: 1  Warnings: 0

mysql> UPDATE postac SET nazwa_statku='KOT' WHERE id_postaci='6';
Query OK, 1 row affected (0.01 sec)
Rows matched: 1  Changed: 1  Warnings: 0

mysql> UPDATE postac SET nazwa_statku='KOT' WHERE id_postaci='7';
Query OK, 1 row affected (0.00 sec)
Rows matched: 1  Changed: 1  Warnings: 0

mysql> UPDATE postac SET nazwa_statku='KOT' WHERE id_postaci='8';
Query OK, 1 row affected (0.01 sec)
Rows matched: 1  Changed: 1  Warnings: 0

mysql> select *from postac;
+------------+----------+---------+------------+------+---------+--------------+
| id_postaci | nazwa    | rodzaj  | data       | wiek | funkcja | nazwa_statku |
+------------+----------+---------+------------+------+---------+--------------+
|          1 | Bjorn    | wiking  | 1989-01-01 |   50 | kapitan | NULL         |
|          2 | Drozd    | ptak    | 2020-10-27 |    1 | NULL    | KOT          |
|          3 | Tesciowa | kobieta | 1933-03-23 |   88 | NULL    | NULL         |
|          4 | Marcin   | wiking  | 2000-03-01 |   21 | NULL    | KOT          |
|          5 | Karol    | wiking  | 1999-04-06 |   22 | NULL    | KOT          |
|          6 | Marcin   | wiking  | 1998-05-09 |   23 | NULL    | KOT          |
|          7 | Pawel    | wiking  | 1997-06-10 |   24 | NULL    | KOT          |
|          8 | Eustachy | wiking  | 1996-02-01 |   25 | NULL    | KOT          |
+------------+----------+---------+------------+------+---------+--------------+
8 rows in set (0.00 sec)

mysql> select *from izba;
+---------------+------------+--------+------------+--------+
| adres_budynku | nazwa_izby | metraz | id_postaci | kolor  |
+---------------+------------+--------+------------+--------+
| koralowa_20   | spizarnia  |      8 |          3 | czarny |
+---------------+------------+--------+------------+--------+
1 row in set (0.00 sec)

mysql> desc izba;
+---------------+-------------+------+-----+-------------------+-------------------+
| Field         | Type        | Null | Key | Default           | Extra             |
+---------------+-------------+------+-----+-------------------+-------------------+
| adres_budynku | varchar(40) | NO   | PRI | NULL              |                   |
| nazwa_izby    | varchar(40) | NO   | PRI | NULL              |                   |
| metraz        | int         | NO   |     | NULL              |                   |
| id_postaci    | int         | YES  | MUL | NULL              |                   |
| kolor         | varchar(40) | YES  |     | _latin1\'czarny\' | DEFAULT_GENERATED |
+---------------+-------------+------+-----+-------------------+-------------------+
5 rows in set (0.01 sec)

mysql> DELET FROM izba WHERE nazwa_izby='spizarnia';
ERROR 1064 (42000): You have an error in your SQL syntax; check the manual that corresponds to your MySQL server version for the right syntax to use near 'DELET FROM izba WHERE nazwa_izby='spizarnia'' at line 1
mysql> DELETE FROM izba WHERE nazwa_izby='spizarnia';
Query OK, 1 row affected (0.01 sec)

mysql> select *from izba;
Empty set (0.01 sec)

mysql> desc izba;
+---------------+-------------+------+-----+-------------------+-------------------+
| Field         | Type        | Null | Key | Default           | Extra             |
+---------------+-------------+------+-----+-------------------+-------------------+
| adres_budynku | varchar(40) | NO   | PRI | NULL              |                   |
| nazwa_izby    | varchar(40) | NO   | PRI | NULL              |                   |
| metraz        | int         | NO   |     | NULL              |                   |
| id_postaci    | int         | YES  | MUL | NULL              |                   |
| kolor         | varchar(40) | YES  |     | _latin1\'czarny\' | DEFAULT_GENERATED |
+---------------+-------------+------+-----+-------------------+-------------------+
5 rows in set (0.00 sec)

mysql> DELETE FROM izba;
Query OK, 0 rows affected (0.00 sec)

mysql>
